// Jest Snapshot v1, https://goo.gl/fbAQLP

exports[`Smartcaptcha Should render SmartCAPTCHA: SmartCAPTCHA options 1`] = `
Object {
  "callback": [Function],
  "hideShield": false,
  "hl": "",
  "invisible": false,
  "loadSmartcaptchaScript": false,
  "shieldPosition": undefined,
  "sitekey": "sitekey",
  "smartcaptchaHost": "smartcaptcha.yandexcloud.net",
  "smartcaptchaScriptId": "__SMARTCAPTCHA_SCRIPT",
  "test": false,
  "webview": false,
}
`;
